Board: STx7105-PDK  [32-bit mode]


U-Boot 1.3.1 (Apr  9 2010 - 17:49:55) - stm23-2009-04-23

DRAM:  256 MiB
NOR:    16 MiB
In:    serial
Out:   serial
Err:   serialcmd_logo_strip.c:video_display_bitmap
Display-bmp: 252 x 42  with 0 colors
pressedKey = 0[uboot] verify parameters......   ...s=bootm a0220000
Hit ENTER key to stop autoboot:  1 0 
## Booting image at a0220000 ...
   Image Name:   Linux 2.6
   Image Type:   SuperH Linux Kernel Image (gzip compressed)
   Data Size:    1307442 Bytes =   1.2 MiB
   Load Address: 80400000
   Entry Point:  80401000
   Verifying Checksum ...Board: STx7105-PDK  [32-bit mode]


U-Boot 1.3.1 (Apr  9 2010 - 17:49:55) - stm23-2009-04-23

DRAM:  256 MiB
NOR:    16 MiB
In:    serial
Out:   serial
Err:   serialcmd_logo_strip.c:video_display_bitmap
Display-bmp: 252 x 42  with 0 colors
pressedKey = 0[uboot] verify parameters......   ...s=bootm a0220000
Hit ENTER key to stop autoboot:  1 0 
## Booting image at a0220000 ...
   Image Name:   Linux 2.6
   Image Type:   SuperH Linux Kernel Image (gzip compressed)
   Data Size:    1307442 Bytes =   1.2 MiB
   Load Address: 80400000
   EntryPoint:  80401000
   Verifying Checksum ...Board: STx7105-PDK  [32-bit mode]


U-Boot 1.3.1 (Apr  9 2010 - 17:49:55) - stm23-2009-04-23

DRAM:  256 MiB
NOR:    16 MiB
In:    serial
Out:   serial
Err:   serialcmd_logo_strip.c:video_display_bitmap
Display-bmp: 252 x 42  with 0 colors
pressedKey = 0[uboot] verify parameters......   ...s=bootm a0220000
Hit ENTER key to stop autoboot:  1 0 
## Booting image at a0220000 ...
   Image Name:   Linux 2.6
   Image Type:   SuperH Linux Kernel Image (gzip compressed)
   Data Size:    1307442 Bytes =   1.2 MiB
   Load Address: 80400000
   Entry Point:  80401000
   Verifying Checksum ...Board: STx7105-PDK  [32-bit mode]


U-Boot 1.3.1 (Apr  9 2010 - 17:49:55) - stm23-2009-04-23

DRAM:  256 MiB
NOR:    16 MiB
In:    serial
Out:   serial
Err:   serialcmd_logo_strip.c:video_display_bitmap
Display-bmp: 252 x 42  with 0 colorspressedKey = 0[uboot] verify parameters......   ...s=bootm a0220000
Hit ENTER key to stop autoboot:  1 0 
## Booting image at a0220000 ...
   Image Name:   Linux 2.6
   Image Type:   SuperH Linux Kernel Image (gzip compressed)
   Data Size:    1307442 Bytes =   1.2 MiB
   Load Address: 80400000
   Entry Point:  80401000
   Verifying Checksum ...Board: STx7105-PDK  [32-bit mode]


U-Boot 1.3.1 (Apr  9 2010 - 17:49:55) - stm23-2009-04-23

DRAM:  256 MiB
NOR:    16 MiB
In:    serial
Out:   serial
Err:   serialcmd_logo_strip.c:video_display_bitmap
Display-bmp: 252 x 42  with 0 colors
pressedKey = 0[uboot] verify parameters......   ...s=bootm a0220000
Hit ENTER key to stop autoboot:  1 0 
## Booting image at a0220000 ...
   Image Name:   Linux 2.6
   Image Type:   SuperH Linux Kernel Image (gzip compressed)
   Data Size:    1307442 Bytes =   1.2 MiB
   Load Address: 80400000
   Entry Point:  80401000
   Verifying Checksum ...OK
   Uncompressing Kernel Image ...Board: STx7105-PDK  [32-bit mode]


U-Boot 1.3.1 (Apr  9 2010 - 17:49:55) - stm23-2009-04-23

DRAM:  256 MiB
NOR:    16 MiB
In:    serial
Out:   serial
Err:   serialcmd_logo_strip.c:video_display_bitmap
Display-bmp: 252 x 42  with 0 colors
pressedKey = 0[uboot] verify parameters......   ...s=bootm a0220000
Hit ENTER key to stop autoboot:  1 0 
## Booting image at a0220000 ...
   Image Name:   Linux 2.6
   Image Type:   SuperH Linux Kernel Image (gzip compressed)
   Data Size:    1307442 Bytes =   1.2 MiB
   Load Address: 80400000
   Entry Point:  80401000
   Verifying Checksum ...OK
   Uncompressing Kernel Image ...