Board: STx7105-PDK  [32-bit mode]


U-Boot 1.3.1 (Apr  9 2010 - 17:49:55) - stm23-2009-04-23

DRAM:  256 MiB
NOR:    16 MiB
In:    serial
Out:   serial
Err:   serialcmd_logo_strip.c:video_display_bitmap
Display-bmp: 252 x 42  with 0 colors
pressedKey = 0[uboot] verify parameters......   ...s=bootm a0220000
Hit ENTER key to stop autoboot:  1Board: STx7105-PDK  [32-bit mode]


U-Boot 1.3.1 (Apr  9 2010 - 17:49:55) - stm23-2009-04-23

DRAM:  256 MiB
NOR:    16 MiB
In:    serial
Out:   serial
Err:   serialcmd_logo_strip.c:video_display_bitmap
Display-bmp: 252 x 42  with 0 colors
pressedKey = 0[uboot] verify parameters......   ...s=bootm a0220000
Hit ENTER key to stop autoboot:  1 0 
## Booting image at a0220000 ...
   Image Name:   Linux 2.6
   Image Type:   SuperH Linux Kernel Image (gzip compressed)
   Data Size:    1307442 Bytes =   1.2 MiB
   Load Address: 80400000
   Entry Point:  80401000
   Verifying Checksum ...OK
   Uncompressing Kernel Image ...OK

Starting kernel console=ttyAS0,115200=nwhwconf=device:eth0,hwaddr:00:12:10:02:01:12 stmmaceth=msglvl:0,phyaddr:9,watchdog:5000,rxsize:256 root=/dev/mtdblock5 noinitrd rootfstype=cramfs ip=10.10.30.8::10.10.30.200:255.255.255.0:kesen::off bigphysarea=1700 nwhwconf=device:eth0,hwaddr:00:19:f1:39:2c:87 - 0x00000000 - 0 ...

total = 526400Board: STx7105-PDK  [32-bit mode]


U-Boot 1.3.1 (Apr  9 2010 - 17:49:55) - stm23-2009-04-23

DRAM:  256 MiB
NOR:    16 MiB
In:    serial
Out:   serial
Err:   serialcmd_logo_strip.c:video_display_bitmap
Display-bmp: 252 x 42  with 0 colors
pressedKey = 0[uboot] verify parameters......   ...s=bootm a0220000
Hit ENTER key to stop autoboot:  1 0 
## Booting image at a0220000 ...
   Image Name:   Linux 2.6
   Image Type:   SuperH Linux Kernel Image (gzip compressed)
   Data Size:    1307442 Bytes =   1.2 MiB
   Load Address: 80400000
   Entry Point:  80401000
   Verifying Checksum ...OK
   Uncompressing Kernel Image ...OK

Starting kernel console=ttyAS0,115200=nwhwconf=device:eth0,hwaddr:00:12:10:02:01:12 stmmaceth=msglvl:0,phyaddr:9,watchdog:5000,rxsize:256 root=/dev/mtdblock5 noinitrd rootfstype=cramfs ip=10.10.30.8::10.10.30.200:255.255.255.0:kesen::off bigphysarea=1700 nwhwconf=device:eth0,hwaddr:00:19:f1:39:2c:87 - 0x00000000 - 0 ...

total = 526398Board: STx7105-PDK  [32-bit mode]


U-Boot 1.3.1 (Apr  9 2010 - 17:49:55) - stm23-2009-04-23

DRAM:  256 MiB
NOR:    16 MiB
In:    serial
Out:   serial
Err:   serialcmd_logo_strip.c:video_display_bitmap
Display-bmp: 252 x 42  with 0 colors
pressedKey = 0[uboot] verify parameters......   ...s=bootm a0220000
Hit ENTER key to stop autoboot:  1 0 
## Booting image at a0220000 ...
   Image Name:   Linux 2.6
   Image Type:   SuperH Linux Kernel Image (gzip compressed)
   Data Size:    1307442 Bytes =   1.2 MiB
   Load Address: 80400000
   Entry Point:  80401000
   Verifying Checksum ...OK
   Uncompressing Kernel Image ...OK

Starting kernel console=ttyAS0,115200=nwhwconf=device:eth0,hwaddr:00:12:10:02:01:12 stmmaceth=msglvl:0,phyaddr:9,watchdog:5000,rxsize:256 root=/dev/mtdblock5 noinitrd rootfstype=cramfs ip=10.10.30.8::10.10.30.200:255.255.255.0:kesen::off bigphysarea=1700 nwhwconf=device:eth0,hwaddr:00:19:f1:39:2c:87 - 0x00000000 - 0 ...

total = 526397